Microchip MPLAB XC8 Compiler V2.10 ()

Linker command line:

--edf=C:\Program Files (x86)\Microchip\xc8\v2.10\pic\dat\en_msgs.txt -cs \
  -h+dist/PIC16F1455/production\NES_KEYBOARD.X.production.sym \
  --cmf=dist/PIC16F1455/production\NES_KEYBOARD.X.production.cmf -z \
  -Q16F1455 -oC:\Users\qojmo2\AppData\Local\Temp\sc1k.2 \
  --defsym=__MPLAB_BUILD=1 \
  -Mdist/PIC16F1455/production/NES_KEYBOARD.X.production.map -E1 -ver=XC8 \
  --acfsm=1493 -ASTACK=020D8h-023EFh -pstack=STACK -ACODE=00h-07FFhx4 \
  -ASTRCODE=00h-01FFFh -ASTRING=00h-0FFhx32 -ACONST=00h-0FFhx32 \
  -AENTRY=00h-0FFhx32 -ACOMMON=070h-07Fh -ABANK0=020h-06Fh \
  -ABANK1=0A0h-0EFh -ABANK2=0120h-016Fh -ABANK3=01A0h-01EFh \
  -ABANK4=0220h-026Fh -ABANK5=02A0h-02EFh -ABANK6=0320h-036Fh \
  -ABANK7=03A0h-03EFh -ABANK8=0420h-046Fh -ABANK9=04A0h-04EFh \
  -ABANK10=0520h-056Fh -ABANK11=05A0h-05EFh -ABANK12=0620h-064Fh \
  -ABIGRAM=02000h-023EFh \
  -ARAM=020h-06Fh,0A0h-0EFh,0120h-016Fh,01A0h-01EFh,0220h-026Fh,02A0h-02EFh,0320h-036Fh,03A0h-03EFh,0420h-046Fh,04A0h-04EFh,0520h-056Fh,05A0h-05EFh,0620h-064Fh \
  -AABS1=020h-07Fh,0A0h-0EFh,0120h-016Fh,01A0h-01EFh,0220h-026Fh,02A0h-02EFh,0320h-036Fh,03A0h-03EFh,0420h-046Fh,04A0h-04EFh,0520h-056Fh,05A0h-05EFh,0620h-064Fh \
  -ASFR0=00h-01Fh -ASFR1=080h-09Fh -ASFR2=0100h-011Fh -ASFR3=0180h-019Fh \
  -ASFR4=0200h-021Fh -ASFR5=0280h-029Fh -ASFR6=0300h-031Fh \
  -ASFR7=0380h-039Fh -ASFR8=0400h-041Fh -ASFR9=0480h-049Fh \
  -ASFR10=0500h-051Fh -ASFR11=0580h-059Fh -ASFR12=0600h-061Fh \
  -ASFR13=0680h-06EFh -ASFR14=0700h-076Fh -ASFR15=0780h-07EFh \
  -ASFR16=0800h-086Fh -ASFR17=0880h-08EFh -ASFR18=0900h-096Fh \
  -ASFR19=0980h-09EFh -ASFR20=0A00h-0A6Fh -ASFR21=0A80h-0AEFh \
  -ASFR22=0B00h-0B6Fh -ASFR23=0B80h-0BEFh -ASFR24=0C00h-0C6Fh \
  -ASFR25=0C80h-0CEFh -ASFR26=0D00h-0D6Fh -ASFR27=0D80h-0DEFh \
  -ASFR28=0E00h-0E6Fh -ASFR29=0E80h-0EEFh -ASFR30=0F00h-0F6Fh \
  -ASFR31=0F80h-0FEFh -preset_vec=00h,intentry=04h,init,end_init \
  -ppowerup=CODE -pcinit=CODE -pfunctab=ENTRY -ACONFIG=08007h-08008h \
  -pconfig=CONFIG -DCONFIG=2 -AIDLOC=08000h-08003h -pidloc=IDLOC -DIDLOC=2 \
  -DCODE=2 -DSTRCODE=2 -DSTRING=2 -DCONST=2 -DENTRY=2 -k \
  C:\Users\qojmo2\AppData\Local\Temp\sc1k.o \
  dist/PIC16F1455/production\NES_KEYBOARD.X.production.o 

Object code version is 3.11

Machine type is 16F1455



                Name                               Link     Load   Length Selector   Space Scale
C:\Users\qojmo2\AppData\Local\Temp\sc1k.o
                end_init                              B        B        2        8       0
                reset_vec                             0        0        2        0       0
                config                             8007     8007        2    1000E       0
dist/PIC16F1455/production\NES_KEYBOARD.X.production.o
                cinit                                 D        D       24        8       0
                intentry                              4        4        7        8       0
                text55                             17A3     17A3        1     2F46       0
                text54                             17A4     17A4        1     2F48       0
                text53                             17A5     17A5        1     2F4A       0
                text52                             17A6     17A6        1     2F4C       0
                text51                             17A7     17A7        1     2F4E       0
                text50                              970      970       2E     12E0       0
                text49                              825      825       15     104A       0
                text48                              805      805       10     100A       0
                text47                              99E      99E       31     133C       0
                text46                             17DE     17DE        B     2FBC       0
                text45                              75A      75A       9E        8       0
                text44                             17CC     17CC        8     2F98       0
                text43                             17D4     17D4        A     2FA8       0
                text42                              CE3      CE3       98     19C6       0
                text41                             17AA     17AA        2     2F54       0
                text40                             17AC     17AC        2     2F58       0
                text39                              850      850       17     10A0       0
                text38                             17AE     17AE        2     2F5C       0
                text37                             17B0     17B0        2     2F60       0
                text36                             17B2     17B2        2     2F64       0
                text35                              815      815       10     102A       0
                text34                             17F4     17F4        C     2FE8       0
                text33                              C4E      C4E       95     189C       0
                text32                              867      867       19     10CE       0
                text31                              34F      34F      1EA        8       0
                text30                             17B9     17B9        6     2F72       0
                text29                             17C5     17C5        7     2F8A       0
                text28                             17A8     17A8        1     2F50       0
                text27                             17B6     17B6        3     2F6C       0
                text26                             17B4     17B4        2     2F68       0
                text25                             17A9     17A9        1     2F52       0
                text24                                2        2        2        0       0
                text23                              800      800        5        8       0
                text22                              9CF      9CF       42     139E       0
                text21                              944      944       2C     1288       0
                text20                              89D      89D       1F     113A       0
                text19                              880      880       1D     1100       0
                text18                              8BC      8BC       1F     1178       0
                text17                              D7B      D7B       CA     1AF6       0
                text16                              8DB      8DB       1F     11B6       0
                text15                              A11      A11       54     1422       0
                text14                              F10      F10       F0     1E20       0
                text13                               31       31      31E        8       0
                text12                              AB9      AB9       5F     1572       0
                text11                              7F8      7F8        8        8       0
                text10                              B18      B18       63     1630       0
                text9                               539      539      126        8       0
                text7                               83A      83A       16     1074       0
                text6                               E45      E45       CB     1C8A       0
                text5                               8FA      8FA       20     11F4       0
                text4                               A65      A65       54     14CA       0
                text3                               65F      65F       FB        8       0
                text2                              17E9     17E9        B     2FD2       0
                text1                               BE4      BE4       6A     17C8       0
                maintext                            B7B      B7B       69     16F6       0
                cstackBANK0                          30       30       3D       30       1
                cstackCOMMON                         70       70        E       70       1
                cstackBANK1                          A0       A0       25       A0       1
                cstackBANK2                         153      153        5      120       1
                inittext                           17BF     17BF        6     2F7E       0
                dataBANK2                           120      120       2A      120       1
                bssBANK2                            14A      14A        9      120       1
                bssBANK1                             C5       C5        6       A0       1
                bssBANK0                             6D       6D        3       30       1
                stringtext7                        1800     1800        4     3000       0
                stringtext6                        10D4     10D4       12     2000       0
                stringtext5                        1098     1098       24     2000       0
                stringtext4                        106F     106F       29     2000       0
                stringtext3                        103F     103F       30     2000       0
                stringtext2                        1000     1000       3F     2000       0
                stringtext1                        10BC     10BC       18     2000       0
                idataBANK2                          91A      91A       2A     1234       0

TOTAL           Name                               Link     Load   Length     Space
        CLASS   STACK          

        CLASS   CODE           
                end_init                              B        B        2         0
                cinit                                 D        D       24         0
                intentry                              4        4        7         0
                reset_vec                             0        0        2         0
                text55                             17A3     17A3        1         0
                text54                             17A4     17A4        1         0
                text53                             17A5     17A5        1         0
                text52                             17A6     17A6        1         0
                text51                             17A7     17A7        1         0
                text50                              970      970       2E         0
                text49                              825      825       15         0
                text48                              805      805       10         0
                text47                              99E      99E       31         0
                text46                             17DE     17DE        B         0
                text45                              75A      75A       9E         0
                text44                             17CC     17CC        8         0
                text43                             17D4     17D4        A         0
                text42                              CE3      CE3       98         0
                text41                             17AA     17AA        2         0
                text40                             17AC     17AC        2         0
                text39                              850      850       17         0
                text38                             17AE     17AE        2         0
                text37                             17B0     17B0        2         0
                text36                             17B2     17B2        2         0
                text35                              815      815       10         0
                text34                             17F4     17F4        C         0
                text33                              C4E      C4E       95         0
                text32                              867      867       19         0
                text31                              34F      34F      1EA         0
                text30                             17B9     17B9        6         0
                text29                             17C5     17C5        7         0
                text28                             17A8     17A8        1         0
                text27                             17B6     17B6        3         0
                text26                             17B4     17B4        2         0
                text25                             17A9     17A9        1         0
                text24                                2        2        2         0
                text23                              800      800        5         0
                text22                              9CF      9CF       42         0
                text21                              944      944       2C         0
                text20                              89D      89D       1F         0
                text19                              880      880       1D         0
                text18                              8BC      8BC       1F         0
                text17                              D7B      D7B       CA         0
                text16                              8DB      8DB       1F         0
                text15                              A11      A11       54         0
                text14                              F10      F10       F0         0
                text13                               31       31      31E         0
                text12                              AB9      AB9       5F         0
                text11                              7F8      7F8        8         0
                text10                              B18      B18       63         0
                text9                               539      539      126         0
                text7                               83A      83A       16         0
                text6                               E45      E45       CB         0
                text5                               8FA      8FA       20         0
                text4                               A65      A65       54         0
                text3                               65F      65F       FB         0
                text2                              17E9     17E9        B         0
                text1                               BE4      BE4       6A         0
                maintext                            B7B      B7B       69         0
                inittext                           17BF     17BF        6         0
                idataBANK2                          91A      91A       2A         0

        CLASS   STRCODE        
                stringtext7                        1800     1800        4         0
                stringtext6                        10D4     10D4       12         0
                stringtext5                        1098     1098       24         0
                stringtext4                        106F     106F       29         0
                stringtext3                        103F     103F       30         0
                stringtext2                        1000     1000       3F         0
                stringtext1                        10BC     10BC       18         0

        CLASS   STRING         

        CLASS   CONST          

        CLASS   ENTRY          

        CLASS   COMMON         
                cstackCOMMON                         70       70        E         1

        CLASS   BANK0          
                cstackBANK0                          30       30       3D         1
                bssBANK0                             6D       6D        3         1

        CLASS   BANK1          
                cstackBANK1                          A0       A0       25         1
                bssBANK1                             C5       C5        6         1

        CLASS   BANK2          
                cstackBANK2                         153      153        5         1
                dataBANK2                           120      120       2A         1
                bssBANK2                            14A      14A        9         1

        CLASS   BANK3          

        CLASS   BANK4          

        CLASS   BANK5          

        CLASS   BANK6          

        CLASS   BANK7          

        CLASS   BANK8          

        CLASS   BANK9          

        CLASS   BANK10         

        CLASS   BANK11         

        CLASS   BANK12         

        CLASS   BIGRAM         

        CLASS   RAM            

        CLASS   ABS1           
                abs_s1                               20       20       10         1
                abs_s1                               7E       7E        2         1
                abs_s1                               D0       D0       20         1

        CLASS   SFR0           

        CLASS   SFR1           

        CLASS   SFR2           

        CLASS   SFR3           

        CLASS   SFR4           

        CLASS   SFR5           

        CLASS   SFR6           

        CLASS   SFR7           

        CLASS   SFR8           

        CLASS   SFR9           

        CLASS   SFR10          

        CLASS   SFR11          

        CLASS   SFR12          

        CLASS   SFR13          

        CLASS   SFR14          

        CLASS   SFR15          

        CLASS   SFR16          

        CLASS   SFR17          

        CLASS   SFR18          

        CLASS   SFR19          

        CLASS   SFR20          

        CLASS   SFR21          

        CLASS   SFR22          

        CLASS   SFR23          

        CLASS   SFR24          

        CLASS   SFR25          

        CLASS   SFR26          

        CLASS   SFR27          

        CLASS   SFR28          

        CLASS   SFR29          

        CLASS   SFR30          

        CLASS   SFR31          

        CLASS   CONFIG         
                config                             8007     8007        2         0

        CLASS   IDLOC          

        CLASS   BANK31         

        CLASS   BANK30         

        CLASS   BANK29         

        CLASS   BANK28         

        CLASS   BANK27         

        CLASS   BANK26         

        CLASS   BANK25         

        CLASS   BANK24         

        CLASS   BANK23         

        CLASS   BANK22         

        CLASS   BANK21         

        CLASS   BANK20         

        CLASS   BANK19         

        CLASS   BANK18         

        CLASS   BANK17         

        CLASS   BANK16         

        CLASS   BANK15         

        CLASS   BANK14         

        CLASS   BANK13         

        CLASS   EEDATA         



SEGMENTS        Name                           Load    Length   Top    Selector   Space  Class     Delta

                reset_vec                      000000  000004  000004         0       0  CODE        2
                intentry                       000004  000801  000805         8       0  CODE        2
                cstackBANK0                    000030  000040  000070        30       1  BANK0       1
                cstackCOMMON                   000070  00000E  00007E        70       1  COMMON      1
                cstackBANK1                    0000A0  00002B  0000CB        A0       1  BANK1       1
                dataBANK2                      000120  000038  000158       120       1  BANK2       1
                text48                         000805  000010  000815      100A       0  CODE        2
                text35                         000815  000010  000825      102A       0  CODE        2
                text49                         000825  000015  00083A      104A       0  CODE        2
                text7                          00083A  000016  000850      1074       0  CODE        2
                text39                         000850  000017  000867      10A0       0  CODE        2
                text32                         000867  000019  000880      10CE       0  CODE        2
                text19                         000880  00001D  00089D      1100       0  CODE        2
                text20                         00089D  00001F  0008BC      113A       0  CODE        2
                text18                         0008BC  00001F  0008DB      1178       0  CODE        2
                text16                         0008DB  00001F  0008FA      11B6       0  CODE        2
                text5                          0008FA  000020  00091A      11F4       0  CODE        2
                idataBANK2                     00091A  00002A  000944      1234       0  CODE        2
                text21                         000944  00002C  000970      1288       0  CODE        2
                text50                         000970  00002E  00099E      12E0       0  CODE        2
                text47                         00099E  000031  0009CF      133C       0  CODE        2
                text22                         0009CF  000042  000A11      139E       0  CODE        2
                text15                         000A11  000054  000A65      1422       0  CODE        2
                text4                          000A65  000054  000AB9      14CA       0  CODE        2
                text12                         000AB9  00005F  000B18      1572       0  CODE        2
                text10                         000B18  000063  000B7B      1630       0  CODE        2
                maintext                       000B7B  000069  000BE4      16F6       0  CODE        2
                text1                          000BE4  00006A  000C4E      17C8       0  CODE        2
                text33                         000C4E  000095  000CE3      189C       0  CODE        2
                text42                         000CE3  000098  000D7B      19C6       0  CODE        2
                text17                         000D7B  0000CA  000E45      1AF6       0  CODE        2
                text6                          000E45  0000CB  000F10      1C8A       0  CODE        2
                text14                         000F10  0000F0  001000      1E20       0  CODE        2
                stringtext2                    001000  0000E6  0010E6      2000       0  STRCODE     2
                text55                         0017A3  000001  0017A4      2F46       0  CODE        2
                text54                         0017A4  000001  0017A5      2F48       0  CODE        2
                text53                         0017A5  000001  0017A6      2F4A       0  CODE        2
                text52                         0017A6  000001  0017A7      2F4C       0  CODE        2
                text51                         0017A7  000001  0017A8      2F4E       0  CODE        2
                text28                         0017A8  000001  0017A9      2F50       0  CODE        2
                text25                         0017A9  000001  0017AA      2F52       0  CODE        2
                text41                         0017AA  000002  0017AC      2F54       0  CODE        2
                text40                         0017AC  000002  0017AE      2F58       0  CODE        2
                text38                         0017AE  000002  0017B0      2F5C       0  CODE        2
                text37                         0017B0  000002  0017B2      2F60       0  CODE        2
                text36                         0017B2  000002  0017B4      2F64       0  CODE        2
                text26                         0017B4  000002  0017B6      2F68       0  CODE        2
                text27                         0017B6  000003  0017B9      2F6C       0  CODE        2
                text30                         0017B9  000006  0017BF      2F72       0  CODE        2
                inittext                       0017BF  000006  0017C5      2F7E       0  CODE        2
                text29                         0017C5  000007  0017CC      2F8A       0  CODE        2
                text44                         0017CC  000008  0017D4      2F98       0  CODE        2
                text43                         0017D4  00000A  0017DE      2FA8       0  CODE        2
                text46                         0017DE  00000B  0017E9      2FBC       0  CODE        2
                text2                          0017E9  00000B  0017F4      2FD2       0  CODE        2
                text34                         0017F4  00000C  001800      2FE8       0  CODE        2
                stringtext7                    001800  000004  001804      3000       0  STRCODE     2
                config                         008007  000002  008009     1000E       0  CONFIG      2


UNUSED ADDRESS RANGES

        Name                Unused          Largest block    Delta
        BANK1            000CB-000CF               5           1
        BANK10           00520-0056F              50           1
        BANK11           005A0-005EF              50           1
        BANK12           00620-0064F              30           1
        BANK2            00158-0016F              18           1
        BANK3            001A0-001EF              50           1
        BANK4            00220-0026F              50           1
        BANK5            002A0-002EF              50           1
        BANK6            00320-0036F              50           1
        BANK7            003A0-003EF              50           1
        BANK8            00420-0046F              50           1
        BANK9            004A0-004EF              50           1
        BIGRAM           02000-023EF             3F0           1
        CODE             010E6-017A2             6BD           2
                         01804-01FFF             7FC
        CONST            010E6-017A2             100           2
                         01804-01FFF             100
        ENTRY            010E6-017A2             100           2
                         01804-01FFF             100
        IDLOC            08000-08003               4           2
        RAM              000CB-000CF               5           1
                         00158-0016F              18
                         001A0-001EF              50
                         00220-0026F              50
                         002A0-002EF              50
                         00320-0036F              50
                         003A0-003EF              50
                         00420-0046F              50
                         004A0-004EF              50
                         00520-0056F              50
                         005A0-005EF              50
                         00620-0064F              30
        SFR0             00000-0001F              20           1
        SFR1             00080-0009F              20           1
        SFR10            00500-0051F              20           1
        SFR11            00580-0059F              20           1
        SFR12            00600-0061F              20           1
        SFR13            00680-006EF              70           1
        SFR14            00700-0076F              70           1
        SFR15            00780-007EF              70           1
        SFR16            00800-0086F              70           1
        SFR17            00880-008EF              70           1
        SFR18            00900-0096F              70           1
        SFR19            00980-009EF              70           1
        SFR2             00100-0011F              20           1
        SFR20            00A00-00A6F              70           1
        SFR21            00A80-00AEF              70           1
        SFR22            00B00-00B6F              70           1
        SFR23            00B80-00BEF              70           1
        SFR24            00C00-00C6F              70           1
        SFR25            00C80-00CEF              70           1
        SFR26            00D00-00D6F              70           1
        SFR27            00D80-00DEF              70           1
        SFR28            00E00-00E6F              70           1
        SFR29            00E80-00EEF              70           1
        SFR3             00180-0019F              20           1
        SFR30            00F00-00F6F              70           1
        SFR31            00F80-00FEF              70           1
        SFR4             00200-0021F              20           1
        SFR5             00280-0029F              20           1
        SFR6             00300-0031F              20           1
        SFR7             00380-0039F              20           1
        SFR8             00400-0041F              20           1
        SFR9             00480-0049F              20           1
        STACK            020D8-023EF             318           1
        STRCODE          010E6-017A2             6BD           2
                         01804-01FFF             7FC
        STRING           010E6-017A2             100           2
                         01804-01FFF             100

                                  Symbol Table

?___wmul                                            cstackBANK1  000A5
?_app_get_device_status_callback                    cstackCOMMON 00070
?_app_get_report_callback                           cstackCOMMON 00070
?_app_unknown_get_descriptor_callback               cstackCOMMON 00070
?_pic16_linear_addr                                 cstackBANK1  000AB
?_usb_application_get_hid_descriptor                cstackCOMMON 00070
?_usb_application_get_hid_report_descriptor         cstackCOMMON 00070
?_usb_application_get_string                        cstackCOMMON 00070
?i1___wmul                                          cstackCOMMON 00070
?i1_pic16_linear_addr                               cstackCOMMON 00076
_ACTCONbits                                         (abs)        0039B
_ANSELAbits                                         (abs)        0018C
_ANSELC                                             (abs)        0018E
_INTCONbits                                         (abs)        0000B
_LATAbits                                           (abs)        0010C
_OSCCONbits                                         (abs)        00099
_PIE2bits                                           (abs)        00092
_PIR2bits                                           (abs)        00012
_PORTAbits                                          (abs)        0000C
_PORTCbits                                          (abs)        0000E
_TRISAbits                                          (abs)        0008C
_TRISCbits                                          (abs)        0008E
_UADDR                                              (abs)        00E96
_UCFGbits                                           (abs)        00E91
_UCONbits                                           (abs)        00E8E
_UEIE                                               (abs)        00E97
_UEP0                                               (abs)        00E98
_UIE                                                (abs)        00E92
_UIEbits                                            (abs)        00E92
_UIR                                                (abs)        00E90
_UIRbits                                            (abs)        00E90
_USTATbits                                          (abs)        00E8F
__CFG_BOREN$ON                                      (abs)        00000
__CFG_BORV$LO                                       (abs)        00000
__CFG_CLKOUTEN$OFF                                  (abs)        00000
__CFG_CP$OFF                                        (abs)        00000
__CFG_CPUDIV$NOCLKDIV                               (abs)        00000
__CFG_FCMEN$OFF                                     (abs)        00000
__CFG_FOSC$INTOSC                                   (abs)        00000
__CFG_IESO$OFF                                      (abs)        00000
__CFG_LPBOR$ON                                      (abs)        00000
__CFG_LVP$OFF                                       (abs)        00000
__CFG_MCLRE$ON                                      (abs)        00000
__CFG_PLLEN$ENABLED                                 (abs)        00000
__CFG_PLLMULT$3x                                    (abs)        00000
__CFG_PWRTE$OFF                                     (abs)        00000
__CFG_STVREN$ON                                     (abs)        00000
__CFG_USBLSCLK$48MHz                                (abs)        00000
__CFG_WDTE$OFF                                      (abs)        00000
__CFG_WRT$OFF                                       (abs)        00000
__Habs1                                             abs1         00000
__Hbank0                                            bank0        00000
__Hbank1                                            bank1        00000
__Hbank10                                           bank10       00000
__Hbank11                                           bank11       00000
__Hbank12                                           bank12       00000
__Hbank13                                           bank13       00000
__Hbank14                                           bank14       00000
__Hbank15                                           bank15       00000
__Hbank16                                           bank16       00000
__Hbank17                                           bank17       00000
__Hbank18                                           bank18       00000
__Hbank19                                           bank19       00000
__Hbank2                                            bank2        00000
__Hbank20                                           bank20       00000
__Hbank21                                           bank21       00000
__Hbank22                                           bank22       00000
__Hbank23                                           bank23       00000
__Hbank24                                           bank24       00000
__Hbank25                                           bank25       00000
__Hbank26                                           bank26       00000
__Hbank27                                           bank27       00000
__Hbank28                                           bank28       00000
__Hbank29                                           bank29       00000
__Hbank3                                            bank3        00000
__Hbank30                                           bank30       00000
__Hbank31                                           bank31       00000
__Hbank4                                            bank4        00000
__Hbank5                                            bank5        00000
__Hbank6                                            bank6        00000
__Hbank7                                            bank7        00000
__Hbank8                                            bank8        00000
__Hbank9                                            bank9        00000
__Hbigram                                           bigram       00000
__HbssBANK0                                         bssBANK0     00000
__HbssBANK1                                         bssBANK1     00000
__HbssBANK2                                         bssBANK2     00000
__Hcinit                                            cinit        00031
__Hclrtext                                          clrtext      00000
__Hcode                                             code         00000
__Hcommon                                           common       00000
__Hconfig                                           config       08009
__HcstackBANK0                                      cstackBANK0  00000
__HcstackBANK1                                      cstackBANK1  00000
__HcstackBANK2                                      cstackBANK2  00000
__HcstackCOMMON                                     cstackCOMMON 00000
__HdataBANK2                                        dataBANK2    00000
__Heeprom_data                                      eeprom_data  00000
__Hend_init                                         end_init     0000D
__Hfunctab                                          functab      00000
__HidataBANK2                                       idataBANK2   00000
__Hidloc                                            idloc        00000
__Hinit                                             init         0000B
__Hinittext                                         inittext     00000
__Hintentry                                         intentry     0000B
__Hmaintext                                         maintext     00000
__Hpowerup                                          powerup      00000
__Hram                                              ram          00000
__Hreset_vec                                        reset_vec    00002
__Hsfr0                                             sfr0         00000
__Hsfr1                                             sfr1         00000
__Hsfr10                                            sfr10        00000
__Hsfr11                                            sfr11        00000
__Hsfr12                                            sfr12        00000
__Hsfr13                                            sfr13        00000
__Hsfr14                                            sfr14        00000
__Hsfr15                                            sfr15        00000
__Hsfr16                                            sfr16        00000
__Hsfr17                                            sfr17        00000
__Hsfr18                                            sfr18        00000
__Hsfr19                                            sfr19        00000
__Hsfr2                                             sfr2         00000
__Hsfr20                                            sfr20        00000
__Hsfr21                                            sfr21        00000
__Hsfr22                                            sfr22        00000
__Hsfr23                                            sfr23        00000
__Hsfr24                                            sfr24        00000
__Hsfr25                                            sfr25        00000
__Hsfr26                                            sfr26        00000
__Hsfr27                                            sfr27        00000
__Hsfr28                                            sfr28        00000
__Hsfr29                                            sfr29        00000
__Hsfr3                                             sfr3         00000
__Hsfr30                                            sfr30        00000
__Hsfr31                                            sfr31        00000
__Hsfr4                                             sfr4         00000
__Hsfr5                                             sfr5         00000
__Hsfr6                                             sfr6         00000
__Hsfr7                                             sfr7         00000
__Hsfr8                                             sfr8         00000
__Hsfr9                                             sfr9         00000
__Hspace_0                                          (abs)        08009
__Hspace_1                                          (abs)        00158
__Hspace_2                                          (abs)        00000
__Hspace_3                                          (abs)        00000
__Hstack                                            stack        00000
__Hstrings                                          strings      00000
__Hstringtext1                                      stringtext1  00000
__Hstringtext2                                      stringtext2  00000
__Hstringtext3                                      stringtext3  00000
__Hstringtext4                                      stringtext4  00000
__Hstringtext5                                      stringtext5  00000
__Hstringtext6                                      stringtext6  00000
__Hstringtext7                                      stringtext7  00000
__Htext                                             text         00000
__Labs1                                             abs1         00000
__Lbank0                                            bank0        00000
__Lbank1                                            bank1        00000
__Lbank10                                           bank10       00000
__Lbank11                                           bank11       00000
__Lbank12                                           bank12       00000
__Lbank13                                           bank13       00000
__Lbank14                                           bank14       00000
__Lbank15                                           bank15       00000
__Lbank16                                           bank16       00000
__Lbank17                                           bank17       00000
__Lbank18                                           bank18       00000
__Lbank19                                           bank19       00000
__Lbank2                                            bank2        00000
__Lbank20                                           bank20       00000
__Lbank21                                           bank21       00000
__Lbank22                                           bank22       00000
__Lbank23                                           bank23       00000
__Lbank24                                           bank24       00000
__Lbank25                                           bank25       00000
__Lbank26                                           bank26       00000
__Lbank27                                           bank27       00000
__Lbank28                                           bank28       00000
__Lbank29                                           bank29       00000
__Lbank3                                            bank3        00000
__Lbank30                                           bank30       00000
__Lbank31                                           bank31       00000
__Lbank4                                            bank4        00000
__Lbank5                                            bank5        00000
__Lbank6                                            bank6        00000
__Lbank7                                            bank7        00000
__Lbank8                                            bank8        00000
__Lbank9                                            bank9        00000
__Lbigram                                           bigram       00000
__LbssBANK0                                         bssBANK0     00000
__LbssBANK1                                         bssBANK1     00000
__LbssBANK2                                         bssBANK2     00000
__Lcinit                                            cinit        0000D
__Lclrtext                                          clrtext      00000
__Lcode                                             code         00000
__Lcommon                                           common       00000
__Lconfig                                           config       08007
__LcstackBANK0                                      cstackBANK0  00000
__LcstackBANK1                                      cstackBANK1  00000
__LcstackBANK2                                      cstackBANK2  00000
__LcstackCOMMON                                     cstackCOMMON 00000
__LdataBANK2                                        dataBANK2    00000
__Leeprom_data                                      eeprom_data  00000
__Lend_init                                         end_init     0000B
__Lfunctab                                          functab      00000
__LidataBANK2                                       idataBANK2   00000
__Lidloc                                            idloc        00000
__Linit                                             init         0000B
__Linittext                                         inittext     00000
__Lintentry                                         intentry     00004
__Lmaintext                                         maintext     00000
__Lpowerup                                          powerup      00000
__Lram                                              ram          00000
__Lreset_vec                                        reset_vec    00000
__Lsfr0                                             sfr0         00000
__Lsfr1                                             sfr1         00000
__Lsfr10                                            sfr10        00000
__Lsfr11                                            sfr11        00000
__Lsfr12                                            sfr12        00000
__Lsfr13                                            sfr13        00000
__Lsfr14                                            sfr14        00000
__Lsfr15                                            sfr15        00000
__Lsfr16                                            sfr16        00000
__Lsfr17                                            sfr17        00000
__Lsfr18                                            sfr18        00000
__Lsfr19                                            sfr19        00000
__Lsfr2                                             sfr2         00000
__Lsfr20                                            sfr20        00000
__Lsfr21                                            sfr21        00000
__Lsfr22                                            sfr22        00000
__Lsfr23                                            sfr23        00000
__Lsfr24                                            sfr24        00000
__Lsfr25                                            sfr25        00000
__Lsfr26                                            sfr26        00000
__Lsfr27                                            sfr27        00000
__Lsfr28                                            sfr28        00000
__Lsfr29                                            sfr29        00000
__Lsfr3                                             sfr3         00000
__Lsfr30                                            sfr30        00000
__Lsfr31                                            sfr31        00000
__Lsfr4                                             sfr4         00000
__Lsfr5                                             sfr5         00000
__Lsfr6                                             sfr6         00000
__Lsfr7                                             sfr7         00000
__Lsfr8                                             sfr8         00000
__Lsfr9                                             sfr9         00000
__Lspace_0                                          (abs)        00000
__Lspace_1                                          (abs)        00000
__Lspace_2                                          (abs)        00000
__Lspace_3                                          (abs)        00000
__Lstack                                            stack        00000
__Lstrings                                          strings      00000
__Lstringtext1                                      stringtext1  00000
__Lstringtext2                                      stringtext2  00000
__Lstringtext3                                      stringtext3  00000
__Lstringtext4                                      stringtext4  00000
__Lstringtext5                                      stringtext5  00000
__Lstringtext6                                      stringtext6  00000
__Lstringtext7                                      stringtext7  00000
__Ltext                                             text         00000
__S0                                                (abs)        08009
__S1                                                (abs)        00158
__S2                                                (abs)        00000
___bmul                                             text7        0083A
___bmul@multiplicand                                cstackBANK1  000A5
___bmul@multiplier                                  cstackBANK1  000A8
___bmul@product                                     cstackBANK1  000A7
___int_sp                                           stack        00000
___latbits                                          (abs)        00002
___sp                                               stack        00000
___stackhi                                          (abs)        023EF
___stacklo                                          (abs)        020D8
___wmul                                             text5        008FA
___wmul@multiplicand                                cstackBANK1  000A7
___wmul@multiplier                                  cstackBANK1  000A5
___wmul@product                                     cstackBANK1  000A9
__end_of___bmul                                     text7        00850
__end_of___wmul                                     text5        0091A
__end_of__initialization                            cinit        0002D
__end_of_app_endpoint_halt_callback                 text28       017A9
__end_of_app_get_device_status_callback             text27       017B9
__end_of_app_get_idle_callback                      text41       017AC
__end_of_app_get_interface_callback                 text26       017B6
__end_of_app_get_protocol_callback                  text40       017AE
__end_of_app_get_report_callback                    text39       00867
__end_of_app_in_transaction_complete_callback       text55       017A4
__end_of_app_out_transaction_callback               text54       017A5
__end_of_app_set_configuration_callback             text25       017AA
__end_of_app_set_idle_callback                      text38       017B0
__end_of_app_set_interface_callback                 text24       00004
__end_of_app_set_protocol_callback                  text37       017B2
__end_of_app_set_report_callback                    text36       017B4
__end_of_app_start_of_frame_callback                text53       017A6
__end_of_app_unknown_get_descriptor_callback        text23       00805
__end_of_app_unknown_setup_request_callback         text30       017BF
__end_of_app_usb_reset_callback                     text52       017A7
__end_of_clear_ep0_stall                            text29       017CC
__end_of_configuration_1                            stringtext4  01098
__end_of_get_report_callback                        text51       017A8
__end_of_handle_ep0_in                              text45       007F8
__end_of_handle_ep0_out                             text42       00D7B
__end_of_handle_ep0_setup                           text12       00B18
__end_of_handle_standard_control_request            text13       0034F
__end_of_init_endpoints                             text3        0075A
__end_of_interface_string                           stringtext1  010D4
__end_of_isr                                        intentry     0000B
__end_of_keyboard_report_descriptor                 stringtext2  0103F
__end_of_main                                       maintext     00BE4
__end_of_memcpy                                     text50       0099E
__end_of_memset                                     text6        00F10
__end_of_pic16_linear_addr                          text4        00AB9
__end_of_process_hid_setup_request                  text31       00539
__end_of_product_string                             stringtext5  010BC
__end_of_reset_bd0_out                              text11       00800
__end_of_reset_ep0_data_stage                       text2        017F4
__end_of_send_zero_length_packet_ep0                text44       017D4
__end_of_stall_ep0                                  text43       017DE
__end_of_stall_ep_in                                text21       00970
__end_of_stall_ep_out                               text19       0089D
__end_of_start_control_return                       text33       00CE3
__end_of_str00                                      stringtext7  01804
__end_of_this_device_descriptor                     stringtext6  010E6
__end_of_usb_application_get_hid_descriptor         text35       00825
__end_of_usb_application_get_hid_report_descriptor  text34       01800
__end_of_usb_application_get_string                 text22       00A11
__end_of_usb_halt_ep_in                             text20       008BC
__end_of_usb_halt_ep_out                            text18       008DB
__end_of_usb_in_endpoint_halted                     text48       00815
__end_of_usb_init                                   text1        00C4E
__end_of_usb_send_data_stage                        text32       00880
__end_of_usb_send_in_buffer_0                       text47       009CF
__end_of_usb_service                                text9        0065F
__end_of_vendor_string                              stringtext3  0106F
__end_ofi1___bmul                                   text49       0083A
__end_ofi1___wmul                                   text16       008FA
__end_ofi1_init_endpoints                           text14       01000
__end_ofi1_memset                                   text17       00E45
__end_ofi1_pic16_linear_addr                        text15       00A65
__end_ofi1_reset_ep0_data_stage                     text46       017E9
__end_ofi1_usb_init                                 text10       00B7B
__initialization                                    cinit        0000D
__pbssBANK0                                         bssBANK0     0006D
__pbssBANK1                                         bssBANK1     000C5
__pbssBANK2                                         bssBANK2     0014A
__pcstackBANK0                                      cstackBANK0  00030
__pcstackBANK1                                      cstackBANK1  000A0
__pcstackBANK2                                      cstackBANK2  00153
__pcstackCOMMON                                     cstackCOMMON 00070
__pdataBANK2                                        dataBANK2    00120
__pidataBANK2                                       idataBANK2   0091A
__pintentry                                         intentry     00004
__pmaintext                                         maintext     00B7B
__pstringtext1                                      stringtext1  010BC
__pstringtext2                                      stringtext2  01000
__pstringtext3                                      stringtext3  0103F
__pstringtext4                                      stringtext4  0106F
__pstringtext5                                      stringtext5  01098
__pstringtext6                                      stringtext6  010D4
__pstringtext7                                      stringtext7  01800
__ptext1                                            text1        00BE4
__ptext10                                           text10       00B18
__ptext11                                           text11       007F8
__ptext12                                           text12       00AB9
__ptext13                                           text13       00031
__ptext14                                           text14       00F10
__ptext15                                           text15       00A11
__ptext16                                           text16       008DB
__ptext17                                           text17       00D7B
__ptext18                                           text18       008BC
__ptext19                                           text19       00880
__ptext2                                            text2        017E9
__ptext20                                           text20       0089D
__ptext21                                           text21       00944
__ptext22                                           text22       009CF
__ptext23                                           text23       00800
__ptext24                                           text24       00002
__ptext25                                           text25       017A9
__ptext26                                           text26       017B4
__ptext27                                           text27       017B6
__ptext28                                           text28       017A8
__ptext29                                           text29       017C5
__ptext3                                            text3        0065F
__ptext30                                           text30       017B9
__ptext31                                           text31       0034F
__ptext32                                           text32       00867
__ptext33                                           text33       00C4E
__ptext34                                           text34       017F4
__ptext35                                           text35       00815
__ptext36                                           text36       017B2
__ptext37                                           text37       017B0
__ptext38                                           text38       017AE
__ptext39                                           text39       00850
__ptext4                                            text4        00A65
__ptext40                                           text40       017AC
__ptext41                                           text41       017AA
__ptext42                                           text42       00CE3
__ptext43                                           text43       017D4
__ptext44                                           text44       017CC
__ptext45                                           text45       0075A
__ptext46                                           text46       017DE
__ptext47                                           text47       0099E
__ptext48                                           text48       00805
__ptext49                                           text49       00825
__ptext5                                            text5        008FA
__ptext50                                           text50       00970
__ptext51                                           text51       017A7
__ptext52                                           text52       017A6
__ptext53                                           text53       017A5
__ptext54                                           text54       017A4
__ptext55                                           text55       017A3
__ptext6                                            text6        00E45
__ptext7                                            text7        0083A
__ptext9                                            text9        00539
__size_of___bmul                                    (abs)        00000
__size_of___wmul                                    (abs)        00000
__size_of_app_endpoint_halt_callback                (abs)        00000
__size_of_app_get_device_status_callback            (abs)        00000
__size_of_app_get_idle_callback                     (abs)        00000
__size_of_app_get_interface_callback                (abs)        00000
__size_of_app_get_protocol_callback                 (abs)        00000
__size_of_app_get_report_callback                   (abs)        00000
__size_of_app_in_transaction_complete_callback      (abs)        00000
__size_of_app_out_transaction_callback              (abs)        00000
__size_of_app_set_configuration_callback            (abs)        00000
__size_of_app_set_idle_callback                     (abs)        00000
__size_of_app_set_interface_callback                (abs)        00000
__size_of_app_set_protocol_callback                 (abs)        00000
__size_of_app_set_report_callback                   (abs)        00000
__size_of_app_start_of_frame_callback               (abs)        00000
__size_of_app_unknown_get_descriptor_callback       (abs)        00000
__size_of_app_unknown_setup_request_callback        (abs)        00000
__size_of_app_usb_reset_callback                    (abs)        00000
__size_of_clear_ep0_stall                           (abs)        00000
__size_of_get_report_callback                       (abs)        00000
__size_of_handle_ep0_in                             (abs)        00000
__size_of_handle_ep0_out                            (abs)        00000
__size_of_handle_ep0_setup                          (abs)        00000
__size_of_handle_standard_control_request           (abs)        00000
__size_of_init_endpoints                            (abs)        00000
__size_of_isr                                       (abs)        00000
__size_of_main                                      (abs)        00000
__size_of_memcpy                                    (abs)        00000
__size_of_memset                                    (abs)        00000
__size_of_pic16_linear_addr                         (abs)        00000
__size_of_process_hid_setup_request                 (abs)        00000
__size_of_reset_bd0_out                             (abs)        00000
__size_of_reset_ep0_data_stage                      (abs)        00000
__size_of_send_zero_length_packet_ep0               (abs)        00000
__size_of_stall_ep0                                 (abs)        00000
__size_of_stall_ep_in                               (abs)        00000
__size_of_stall_ep_out                              (abs)        00000
__size_of_start_control_return                      (abs)        00000
__size_of_usb_application_get_hid_descriptor        (abs)        00000
__size_of_usb_application_get_hid_report_descriptor (abs)        00000
__size_of_usb_application_get_string                (abs)        00000
__size_of_usb_halt_ep_in                            (abs)        00000
__size_of_usb_halt_ep_out                           (abs)        00000
__size_of_usb_in_endpoint_halted                    (abs)        00000
__size_of_usb_init                                  (abs)        00000
__size_of_usb_send_data_stage                       (abs)        00000
__size_of_usb_send_in_buffer_0                      (abs)        00000
__size_of_usb_service                               (abs)        00000
__size_ofi1___bmul                                  (abs)        00000
__size_ofi1___wmul                                  (abs)        00000
__size_ofi1_init_endpoints                          (abs)        00000
__size_ofi1_memset                                  (abs)        00000
__size_ofi1_pic16_linear_addr                       (abs)        00000
__size_ofi1_reset_ep0_data_stage                    (abs)        00000
__size_ofi1_usb_init                                (abs)        00000
_addr                                               bssBANK2     0014F
_addr_pending                                       bssBANK1     000C9
_app_endpoint_halt_callback                         text28       017A8
_app_get_device_status_callback                     text27       017B6
_app_get_idle_callback                              text41       017AA
_app_get_interface_callback                         text26       017B4
_app_get_protocol_callback                          text40       017AC
_app_get_report_callback                            text39       00850
_app_in_transaction_complete_callback               text55       017A3
_app_out_transaction_callback                       text54       017A4
_app_set_configuration_callback                     text25       017A9
_app_set_idle_callback                              text38       017AE
_app_set_interface_callback                         text24       00002
_app_set_protocol_callback                          text37       017B0
_app_set_report_callback                            text36       017B2
_app_start_of_frame_callback                        text53       017A5
_app_unknown_get_descriptor_callback                text23       00800
_app_unknown_setup_request_callback                 text30       017B9
_app_usb_reset_callback                             text52       017A6
_bds                                                (abs)        00020
_clear_ep0_stall                                    text29       017C5
_configuration_1                                    stringtext4  0106F
_control_need_zlp                                   bssBANK2     0014E
_ep0_buf                                            dataBANK2    00145
_ep0_data_stage_buf_remaining                       bssBANK1     000C5
_ep0_data_stage_callback                            bssBANK0     0006D
_ep0_data_stage_context                             bssBANK0     0006F
_ep0_data_stage_direc                               bssBANK1     000C7
_ep0_data_stage_in_buffer                           bssBANK2     0014A
_ep0_data_stage_out_buffer                          bssBANK1     000C8
_ep_buf                                             dataBANK2    0013B
_ep_buffers                                         (abs)        000D0
_g_configuration                                    bssBANK1     000CA
_get_report_callback                                text51       017A7
_handle_ep0_in                                      text45       0075A
_handle_ep0_in$649                                  cstackBANK0  00030
_handle_ep0_out                                     text42       00CE3
_handle_ep0_out$645                                 cstackBANK0  00030
_handle_ep0_setup                                   text12       00AB9
_handle_standard_control_request                    text13       00031
_handle_standard_control_request$605                cstackBANK0  00048
_init_endpoints                                     text3        0065F
_isr                                                intentry     00004
_keyboard_report_descriptor                         stringtext2  01000
_main                                               maintext     00B7B
_memcpy                                             text50       00970
_memset                                             text6        00E45
_pic16_linear_addr                                  text4        00A65
_process_hid_setup_request                          text31       0034F
_process_hid_setup_request$861                      cstackBANK0  00053
_process_hid_setup_request$873                      cstackBANK0  00055
_product_string                                     stringtext5  01098
_report_buf                                         bssBANK2     00150
_reset_bd0_out                                      text11       007F8
_reset_ep0_data_stage                               text2        017E9
_returning_short                                    bssBANK2     0014D
_send_zero_length_packet_ep0                        text44       017CC
_stall_ep0                                          text43       017D4
_stall_ep_in                                        text21       00944
_stall_ep_out                                       text19       00880
_start_control_return                               text33       00C4E
_start_control_return$561                           cstackBANK0  00036
_start_control_return$562                           cstackBANK0  00038
_start_control_return$563                           cstackBANK0  0003A
_str00                                              stringtext7  01800
_this_device_descriptor                             stringtext6  010D4
_usb_application_config_descs                       dataBANK2    00148
_usb_application_get_hid_descriptor                 text35       00815
_usb_application_get_hid_report_descriptor          text34       017F4
_usb_application_get_string                         text22       009CF
_usb_halt_ep_in                                     text20       0089D
_usb_halt_ep_out                                    text18       008BC
_usb_in_endpoint_halted                             text48       00805
_usb_init                                           text1        00BE4
_usb_send_data_stage                                text32       00867
_usb_send_in_buffer_0                               text47       0099E
_usb_service                                        text9        00539
_vendor_string                                      stringtext3  0103F
app_endpoint_halt_callback@halted                   cstackCOMMON 00070
app_get_idle_callback@report_id                     cstackCOMMON 00070
app_get_report_callback@callback                    cstackCOMMON 00073
app_get_report_callback@context                     cstackCOMMON 00074
app_get_report_callback@report                      cstackCOMMON 00072
app_get_report_callback@report_id                   cstackCOMMON 00071
app_get_report_callback@report_type                 cstackCOMMON 00070
app_set_idle_callback@idle_rate                     cstackCOMMON 00071
app_set_idle_callback@report_id                     cstackCOMMON 00070
app_set_interface_callback@alt_setting              cstackCOMMON 00070
app_set_protocol_callback@report_id                 cstackCOMMON 00070
app_set_report_callback@report_id                   cstackCOMMON 00071
app_set_report_callback@report_type                 cstackCOMMON 00070
app_unknown_get_descriptor_callback@descriptor      cstackCOMMON 00070
app_unknown_get_descriptor_callback@pkt             cstackCOMMON 00073
app_unknown_setup_request_callback@setup            cstackCOMMON 0007D
btemp                                               (abs)        0007E
end_of_initialization                               cinit        0002D
get_report_callback@context                         cstackCOMMON 00071
get_report_callback@transfer_ok                     cstackCOMMON 00070
handle_ep0_in@bytes_to_send                         cstackBANK0  00032
handle_ep0_out@bytes_to_copy                        cstackBANK0  00033
handle_ep0_out@pkt_len                              cstackBANK0  00032
handle_ep0_setup@res                                cstackBANK0  00067
handle_ep0_setup@setup                              cstackBANK0  00068
handle_standard_control_request@desc                cstackBANK0  0004D
handle_standard_control_request@desc_592            cstackBANK0  00058
handle_standard_control_request@desc_595            cstackBANK0  0004C
handle_standard_control_request@descriptor          cstackBANK0  0005A
handle_standard_control_request@descriptor_index    cstackBANK0  0005B
handle_standard_control_request@ep_dir              cstackBANK0  00056
handle_standard_control_request@ep_num              cstackBANK0  00054
handle_standard_control_request@ep_num_609          cstackBANK0  0005C
handle_standard_control_request@flags               cstackBANK0  00055
handle_standard_control_request@len                 cstackBANK0  0004F
handle_standard_control_request@len_594             cstackBANK0  00051
handle_standard_control_request@req                 cstackBANK0  00053
handle_standard_control_request@res                 cstackBANK0  0004A
handle_standard_control_request@res_606             cstackBANK0  00047
handle_standard_control_request@ret                 cstackBANK0  00043
handle_standard_control_request@ret_604             cstackBANK0  00045
handle_standard_control_request@ret_607             cstackBANK0  00057
handle_standard_control_request@setup               cstackBANK0  0005D
handle_standard_control_request@stall               cstackBANK0  0004B
i1___bmul                                           text49       00825
i1___bmul@multiplicand                              cstackCOMMON 00070
i1___bmul@multiplier                                cstackCOMMON 00072
i1___bmul@product                                   cstackCOMMON 00073
i1___wmul                                           text16       008DB
i1___wmul@multiplicand                              cstackCOMMON 00072
i1___wmul@multiplier                                cstackCOMMON 00070
i1___wmul@product                                   cstackCOMMON 00074
i1_init_endpoints                                   text14       00F10
i1_memset                                           text17       00D7B
i1_pic16_linear_addr                                text15       00A11
i1_reset_ep0_data_stage                             text46       017DE
i1_usb_init                                         text10       00B18
i1init_endpoints@i                                  cstackBANK0  0003F
i1memset@c                                          cstackCOMMON 00072
i1memset@dest                                       cstackCOMMON 00070
i1memset@k                                          cstackCOMMON 0007A
i1memset@n                                          cstackCOMMON 00074
i1memset@s                                          cstackCOMMON 0007C
i1pic16_linear_addr@addr                            cstackCOMMON 0007B
i1pic16_linear_addr@high                            cstackCOMMON 00079
i1pic16_linear_addr@low                             cstackCOMMON 0007A
i1pic16_linear_addr@ptr                             cstackCOMMON 00078
i1usb_init@ep                                       cstackBANK0  00043
i1usb_init@i                                        cstackBANK0  00042
init_endpoints@i                                    cstackBANK1  000C1
init_ram                                            inittext     017BF
int$flags                                           (abs)        0007E
intlevel0                                           functab      00000
intlevel1                                           functab      00000
intlevel2                                           functab      00000
intlevel3                                           functab      00000
intlevel4                                           functab      00000
intlevel5                                           functab      00000
main@button                                         cstackBANK1  000C4
memcpy@d                                            cstackCOMMON 00078
memcpy@d1                                           cstackCOMMON 00079
memcpy@n                                            cstackCOMMON 00072
memcpy@s                                            cstackCOMMON 00075
memcpy@s1                                           cstackCOMMON 00070
memcpy@tmp                                          cstackCOMMON 00077
memset@c                                            cstackBANK1  000A7
memset@dest                                         cstackBANK1  000A5
memset@k                                            cstackBANK1  000AF
memset@n                                            cstackBANK1  000A9
memset@s                                            cstackBANK1  000B1
pic16_linear_addr@addr                              cstackBANK1  000BC
pic16_linear_addr@high                              cstackBANK1  000B9
pic16_linear_addr@low                               cstackBANK1  000BB
pic16_linear_addr@ptr                               cstackBANK1  000BA
process_hid_setup_request@callback                  cstackBANK0  00058
process_hid_setup_request@context                   cstackBANK0  0005C
process_hid_setup_request@desc                      cstackBANK0  00060
process_hid_setup_request@desc_862                  cstackBANK0  0005B
process_hid_setup_request@descriptor                cstackBANK0  0005A
process_hid_setup_request@duration                  cstackBANK0  0004F
process_hid_setup_request@interface                 cstackBANK0  00064
process_hid_setup_request@len                       cstackBANK0  00062
process_hid_setup_request@len_863                   cstackBANK0  0005E
process_hid_setup_request@report_id                 cstackBANK0  0004A
process_hid_setup_request@report_id_875             cstackBANK0  0004C
process_hid_setup_request@report_id_877             cstackBANK0  0004E
process_hid_setup_request@report_id_880             cstackBANK0  00050
process_hid_setup_request@report_type               cstackBANK0  00049
process_hid_setup_request@report_type_874           cstackBANK0  0004B
process_hid_setup_request@res                       cstackBANK0  0004D
process_hid_setup_request@res_878                   cstackBANK0  00057
process_hid_setup_request@res_881                   cstackBANK0  00051
process_hid_setup_request@res_882                   cstackBANK0  0005D
process_hid_setup_request@res_883                   cstackBANK0  00052
process_hid_setup_request@setup                     cstackBANK0  00065
reset_vec                                           reset_vec    00000
stall_ep_in@ep                                      cstackCOMMON 00077
stall_ep_out@ep                                     cstackCOMMON 00072
start                                               init         0000B
start_control_return@bytes_asked_for                cstackBANK0  00034
start_control_return@bytes_to_send                  cstackBANK0  0003C
start_control_return@len                            cstackBANK0  00032
start_control_return@ptr                            cstackBANK0  00030
start_initialization                                cinit        0000D
usb_application_get_hid_descriptor@p                cstackCOMMON 00073
usb_application_get_hid_descriptor@ptr              cstackCOMMON 00070
usb_application_get_hid_report_descriptor@ptr       cstackCOMMON 00070
usb_application_get_string@ptr                      cstackCOMMON 00070
usb_application_get_string@string_number            cstackCOMMON 00073
usb_halt_ep_in@ep                                   cstackCOMMON 00079
usb_halt_ep_out@ep                                  cstackCOMMON 00075
usb_in_endpoint_halted@endpoint                     cstackCOMMON 00075
usb_init@ep                                         cstackBANK2  00154
usb_init@i                                          cstackBANK2  00153
usb_send_data_stage@buffer                          cstackBANK0  0003D
usb_send_data_stage@callback                        cstackBANK0  00041
usb_send_data_stage@context                         cstackBANK0  00043
usb_send_data_stage@len                             cstackBANK0  0003F
usb_send_in_buffer_0@len                            cstackCOMMON 00076
usb_send_in_buffer_0@pid                            cstackCOMMON 00079
usb_service@ep                                      cstackBANK1  000A0
usb_service@i                                       cstackBANK1  000A3
usb_service@pid                                     cstackBANK1  000A2
wtemp0                                              (abs)        0007E


FUNCTION INFORMATION:

 *************** function _main *****************
 Defined at:
		line 62 in file "../main.c"
 Parameters:    Size  Location     Type
		None
 Auto vars:     Size  Location     Type
  button          1   36[BANK1 ] unsigned char 
 Return value:  Size  Location     Type
                  2  483[None  ] int 
 Registers used:
		wreg, fsr1l, fsr1h, status,2, status,0, pclath, cstack
 Tracked objects:
		On entry : 
		On exit  : 
		Unchanged: 
 Data sizes:     COMMON   BANK0   BANK1   BANK2   BANK3   BANK4   BANK5   BANK6   BANK7   BANK8   BANK9  BANK10  BANK11  BANK12
      Params:         0       0       0       0       0       0       0       0       0       0       0       0       0       0
      Locals:         0       0       1       0       0       0       0       0       0       0       0       0       0       0
      Temps:          0       0       0       2       0       0       0       0       0       0       0       0       0       0
      Totals:         0       0       1       2       0       0       0       0       0       0       0       0       0       0
Total ram usage:        3 bytes
 Hardware stack levels required when called:   14
 This function calls:
		_usb_init
 This function is called by:
		Startup code after reset
 This function uses a non-reentrant model


 *************** function _usb_init *****************
 Defined at:
		line 561 in file "../../../usb/src/usb.c"
 Parameters:    Size  Location     Type
		None
 Auto vars:     Size  Location     Type
[...]
      Params:         0       0       0       0       0       0       0       0       0       0       0       0       0       0
      Locals:         0       3       0       0       0       0       0       0       0       0       0       0       0       0
      Temps:          2       0       0       0       0       0       0       0       0       0       0       0       0       0
      Totals:         2       3       0       0       0       0       0       0       0       0       0       0       0       0
Total ram usage:        5 bytes
 Hardware stack levels used:    1
 Hardware stack levels required when called:    3
 This function calls:
		Absolute function
		_get_report_callback
		_memcpy
		_usb_send_in_buffer_0
		i1_reset_ep0_data_stage
 This function is called by:
		_usb_service
 This function uses a non-reentrant model


 *************** function i1_reset_ep0_data_stage *****************
 Defined at:
		line 474 in file "../../../usb/src/usb.c"
 Parameters:    Size  Location     Type
		None
 Auto vars:     Size  Location     Type
		None
 Return value:  Size  Location     Type
                  1    wreg      void 
 Registers used:
		status,2
 Tracked objects:
		On entry : 
		On exit  : 
		Unchanged: 
 Data sizes:     COMMON   BANK0   BANK1   BANK2   BANK3   BANK4   BANK5   BANK6   BANK7   BANK8   BANK9  BANK10  BANK11  BANK12
      Params:         0       0       0       0       0       0       0       0       0       0       0       0       0       0
      Locals:         0       0       0       0       0       0       0       0       0       0       0       0       0       0
      Temps:          0       0       0       0       0       0       0       0       0       0       0       0       0       0
      Totals:         0       0       0       0       0       0       0       0       0       0       0       0       0       0
Total ram usage:        0 bytes
 Hardware stack levels used:    1
 This function calls:
		Nothing
 This function is called by:
		_handle_ep0_setup
		_handle_ep0_out
		_handle_ep0_in
		i1_usb_init
 This function uses a non-reentrant model


 *************** function _usb_send_in_buffer_0 *****************
 Defined at:
		line 766 in file "../../../usb/src/usb.c"
 Parameters:    Size  Location     Type
  len             2    6[COMMON] unsigned int 
 Auto vars:     Size  Location     Type
  pid             1    9[COMMON] unsigned char 
 Return value:  Size  Location     Type
                  1    wreg      void 
 Registers used:
		wreg, fsr1l, fsr1h, status,2, status,0, pclath, cstack
 Tracked objects:
		On entry : 
		On exit  : 
		Unchanged: 
 Data sizes:     COMMON   BANK0   BANK1   BANK2   BANK3   BANK4   BANK5   BANK6   BANK7   BANK8   BANK9  BANK10  BANK11  BANK12
      Params:         2       0       0       0       0       0       0       0       0       0       0       0       0       0
      Locals:         1       0       0       0       0       0       0       0       0       0       0       0       0       0
      Temps:          1       0       0       0       0       0       0       0       0       0       0       0       0       0
      Totals:         4       0       0       0       0       0       0       0       0       0       0       0       0       0
Total ram usage:        4 bytes
 Hardware stack levels used:    1
 Hardware stack levels required when called:    2
 This function calls:
		_usb_in_endpoint_halted
 This function is called by:
		_start_control_return
		_handle_ep0_in
 This function uses a non-reentrant model


 *************** function _usb_in_endpoint_halted *****************
 Defined at:
		line 1567 in file "../../../usb/src/usb.c"
 Parameters:    Size  Location     Type
  endpoint        1    wreg     unsigned char 
 Auto vars:     Size  Location     Type
  endpoint        1    5[COMMON] unsigned char 
 Return value:  Size  Location     Type
                  1    wreg      _Bool 
 Registers used:
		wreg, fsr1l, fsr1h, status,2, status,0, pclath, cstack
 Tracked objects:
		On entry : 
		On exit  : 
		Unchanged: 
 Data sizes:     COMMON   BANK0   BANK1   BANK2   BANK3   BANK4   BANK5   BANK6   BANK7   BANK8   BANK9  BANK10  BANK11  BANK12
      Params:         0       0       0       0       0       0       0       0       0       0       0       0       0       0
      Locals:         1       0       0       0       0       0       0       0       0       0       0       0       0       0
      Temps:          1       0       0       0       0       0       0       0       0       0       0       0       0       0
      Totals:         2       0       0       0       0       0       0       0       0       0       0       0       0       0
Total ram usage:        2 bytes
 Hardware stack levels used:    1
 Hardware stack levels required when called:    1
 This function calls:
		i1___bmul
 This function is called by:
		_usb_send_in_buffer_0
		_usb_send_in_buffer
 This function uses a non-reentrant model


 *************** function i1___bmul *****************
 Defined at:
		line 4 in file "C:\Program Files (x86)\Microchip\xc8\v2.10\pic\sources\c99\common\Umul8.c"
 Parameters:    Size  Location     Type
  multiplier      1    wreg     unsigned char 
  multiplicand    1    0[COMMON] unsigned char 
 Auto vars:     Size  Location     Type
  multiplier      1    2[COMMON] unsigned char 
  __bmul          1    3[COMMON] unsigned char 
 Return value:  Size  Location     Type
                  1    wreg      unsigned char 
 Registers used:
		wreg, status,2, status,0
 Tracked objects:
		On entry : 
		On exit  : 
		Unchanged: 
 Data sizes:     COMMON   BANK0   BANK1   BANK2   BANK3   BANK4   BANK5   BANK6   BANK7   BANK8   BANK9  BANK10  BANK11  BANK12
      Params:         1       0       0       0       0       0       0       0       0       0       0       0       0       0
      Locals:         2       0       0       0       0       0       0       0       0       0       0       0       0       0
      Temps:          1       0       0       0       0       0       0       0       0       0       0       0       0       0
      Totals:         4       0       0       0       0       0       0       0       0       0       0       0       0       0
Total ram usage:        4 bytes
 Hardware stack levels used:    1
 This function calls:
		Nothing
 This function is called by:
		_stall_ep_in
		_handle_standard_control_request
		_usb_service
		_usb_halt_ep_in
		_usb_in_endpoint_halted
		_usb_halt_ep_out
		i1_init_endpoints
 This function uses a non-reentrant model


 *************** function _memcpy *****************
 Defined at:
		line 4 in file "C:\Program Files (x86)\Microchip\xc8\v2.10\pic\sources\c99\common\memcpy.c"
 Parameters:    Size  Location     Type
  d1              1    wreg     PTR void 
		 -> NULL(0), ep_buffers(32), 
  s1              2    0[COMMON] PTR const void 
		 -> report_buf(3), product_string(36), vendor_string(48), str00(4), 
		 -> keyboard_report_descriptor(63), configuration_1(41), process_hid_setup_request@res_882(1), process_hid_setup_request@res_878(1), 
		 -> handle_standard_control_request@ret_607(1), handle_standard_control_request@ret_604(2), handle_standard_control_request@ret(2), this_device_descriptor(18), 
		 -> g_configuration(1), NULL(0), ep_buffers(32), 
  n               2    2[COMMON] unsigned int 
 Auto vars:     Size  Location     Type
  d1              1    9[COMMON] PTR void 
		 -> NULL(0), ep_buffers(32), 
  s               2    5[COMMON] PTR const unsigned char 
		 -> report_buf(3), product_string(36), vendor_string(48), str00(4), 
		 -> keyboard_report_descriptor(63), configuration_1(41), process_hid_setup_request@res_882(1), process_hid_setup_request@res_878(1), 
		 -> handle_standard_control_request@ret_607(1), handle_standard_control_request@ret_604(2), handle_standard_control_request@ret(2), this_device_descriptor(18), 
		 -> g_configuration(1), NULL(0), ep_buffers(32), 
  d               1    8[COMMON] PTR unsigned char 
		 -> NULL(0), ep_buffers(32), 
  tmp             1    7[COMMON] unsigned char 
 Return value:  Size  Location     Type
                  1    wreg      PTR void 
 Registers used:
		wreg, fsr0l, fsr0h, fsr1l, fsr1h, status,2, status,0, pclath
 Tracked objects:
		On entry : 
		On exit  : 
		Unchanged: 
 Data sizes:     COMMON   BANK0   BANK1   BANK2   BANK3   BANK4   BANK5   BANK6   BANK7   BANK8   BANK9  BANK10  BANK11  BANK12
      Params:         4       0       0       0       0       0       0       0       0       0       0       0       0       0
      Locals:         5       0       0       0       0       0       0       0       0       0       0       0       0       0
      Temps:          1       0       0       0       0       0       0       0       0       0       0       0       0       0
      Totals:        10       0       0       0       0       0       0       0       0       0       0       0       0       0
Total ram usage:       10 bytes
 Hardware stack levels used:    1
 This function calls:
		Nothing
 This function is called by:
		_start_control_return
		_handle_ep0_out
		_handle_ep0_in
 This function uses a non-reentrant model


 *************** function _get_report_callback *****************
 Defined at:
		line 226 in file "../main.c"
 Parameters:    Size  Location     Type
  transfer_ok     1    0[COMMON] _Bool 
  context         1    1[COMMON] PTR void 
		 -> NULL(0), 
 Auto vars:     Size  Location     Type
		None
 Return value:  Size  Location     Type
                  1    wreg      void 
 Registers used:
		None
 Tracked objects:
		On entry : 
		On exit  : 
		Unchanged: 
 Data sizes:     COMMON   BANK0   BANK1   BANK2   BANK3   BANK4   BANK5   BANK6   BANK7   BANK8   BANK9  BANK10  BANK11  BANK12
      Params:         2       0       0       0       0       0       0       0       0       0       0       0       0       0
      Locals:         0       0       0       0       0       0       0       0       0       0       0       0       0       0
      Temps:          0       0       0       0       0       0       0       0       0       0       0       0       0       0
      Totals:         2       0       0       0       0       0       0       0       0       0       0       0       0       0
Total ram usage:        2 bytes
 Hardware stack levels used:    1
 This function calls:
		Nothing
 This function is called by:
		_app_get_report_callback
		_handle_ep0_setup
		_handle_ep0_out
		_handle_ep0_in
 This function uses a non-reentrant model


 *************** function _app_usb_reset_callback *****************
 Defined at:
		line 217 in file "../main.c"
 Parameters:    Size  Location     Type
		None
 Auto vars:     Size  Location     Type
		None
 Return value:  Size  Location     Type
                  1    wreg      void 
 Registers used:
		None
 Tracked objects:
		On entry : 
		On exit  : 
		Unchanged: 
 Data sizes:     COMMON   BANK0   BANK1   BANK2   BANK3   BANK4   BANK5   BANK6   BANK7   BANK8   BANK9  BANK10  BANK11  BANK12
      Params:         0       0       0       0       0       0       0       0       0       0       0       0       0       0
      Locals:         0       0       0       0       0       0       0       0       0       0       0       0       0       0
      Temps:          0       0       0       0       0       0       0       0       0       0       0       0       0       0
      Totals:         0       0       0       0       0       0       0       0       0       0       0       0       0       0
Total ram usage:        0 bytes
 Hardware stack levels used:    1
 This function calls:
		Nothing
 This function is called by:
		_usb_service
 This function uses a non-reentrant model


 *************** function _app_start_of_frame_callback *****************
 Defined at:
		line 212 in file "../main.c"
 Parameters:    Size  Location     Type
		None
 Auto vars:     Size  Location     Type
		None
 Return value:  Size  Location     Type
                  1    wreg      void 
 Registers used:
		None
 Tracked objects:
		On entry : 
		On exit  : 
		Unchanged: 
 Data sizes:     COMMON   BANK0   BANK1   BANK2   BANK3   BANK4   BANK5   BANK6   BANK7   BANK8   BANK9  BANK10  BANK11  BANK12
      Params:         0       0       0       0       0       0       0       0       0       0       0       0       0       0
      Locals:         0       0       0       0       0       0       0       0       0       0       0       0       0       0
      Temps:          0       0       0       0       0       0       0       0       0       0       0       0       0       0
      Totals:         0       0       0       0       0       0       0       0       0       0       0       0       0       0
Total ram usage:        0 bytes
 Hardware stack levels used:    1
 This function calls:
		Nothing
 This function is called by:
		_usb_service
 This function uses a non-reentrant model


 *************** function _app_out_transaction_callback *****************
 Defined at:
		line 184 in file "../main.c"
 Parameters:    Size  Location     Type
  endpoint        1    wreg     unsigned char 
 Auto vars:     Size  Location     Type
  endpoint        1    0[COMMON] unsigned char 
 Return value:  Size  Location     Type
                  1    wreg      void 
 Registers used:
		wreg
 Tracked objects:
		On entry : 
		On exit  : 
		Unchanged: 
 Data sizes:     COMMON   BANK0   BANK1   BANK2   BANK3   BANK4   BANK5   BANK6   BANK7   BANK8   BANK9  BANK10  BANK11  BANK12
      Params:         0       0       0       0       0       0       0       0       0       0       0       0       0       0
      Locals:         0       0       0       0       0       0       0       0       0       0       0       0       0       0
      Temps:          0       0       0       0       0       0       0       0       0       0       0       0       0       0
      Totals:         0       0       0       0       0       0       0       0       0       0       0       0       0       0
Total ram usage:        0 bytes
 Hardware stack levels used:    1
 This function calls:
		Nothing
 This function is called by:
		_usb_service
 This function uses a non-reentrant model


 *************** function _app_in_transaction_complete_callback *****************
 Defined at:
		line 189 in file "../main.c"
 Parameters:    Size  Location     Type
  endpoint        1    wreg     unsigned char 
 Auto vars:     Size  Location     Type
  endpoint        1    0[COMMON] unsigned char 
 Return value:  Size  Location     Type
                  1    wreg      void 
 Registers used:
		wreg
 Tracked objects:
		On entry : 
		On exit  : 
		Unchanged: 
 Data sizes:     COMMON   BANK0   BANK1   BANK2   BANK3   BANK4   BANK5   BANK6   BANK7   BANK8   BANK9  BANK10  BANK11  BANK12
      Params:         0       0       0       0       0       0       0       0       0       0       0       0       0       0
      Locals:         0       0       0       0       0       0       0       0       0       0       0       0       0       0
      Temps:          0       0       0       0       0       0       0       0       0       0       0       0       0       0
      Totals:         0       0       0       0       0       0       0       0       0       0       0       0       0       0
Total ram usage:        0 bytes
 Hardware stack levels used:    1
 This function calls:
		Nothing
 This function is called by:
		_usb_service
 This function uses a non-reentrant model



MODULE INFORMATION

Module		Function		Class		Link	Load	Size
../main.c
		_app_start_of_frame_callback		CODE           	17A5	0000	2
		_app_get_device_status_callback		CODE           	17B6	0000	4
		_app_get_idle_callback		CODE           	17AA	0000	3
		_app_set_idle_callback		CODE           	17AE	0000	3
		_main          		CODE           	0B7B	0000	106
		_app_in_transaction_complete_callback		CODE           	17A3	0000	2
		_app_unknown_get_descriptor_callback		CODE           	0800	0000	6
		_app_usb_reset_callback		CODE           	17A6	0000	2
		_app_get_protocol_callback		CODE           	17AC	0000	3
		_isr           		CODE           	0004	0000	8
		_app_set_configuration_callback		CODE           	17A9	0000	2
		_app_set_protocol_callback		CODE           	17B0	0000	3
		_app_get_report_callback		CODE           	0850	0000	24
		_app_endpoint_halt_callback		CODE           	17A8	0000	2
		_app_set_report_callback		CODE           	17B2	0000	3
		_app_get_interface_callback		CODE           	17B4	0000	3
		_app_unknown_setup_request_callback		CODE           	17B9	0000	7
		_get_report_callback		CODE           	17A7	0000	2
		_app_set_interface_callback		CODE           	0002	0000	3
		_app_out_transaction_callback		CODE           	17A4	0000	2

../main.c estimated size: 190

../../../usb/src/usb_hid.c
		_process_hid_setup_request		CODE           	034F	0000	491

../../../usb/src/usb_hid.c estimated size: 491

C:\Program Files (x86)\Microchip\xc8\v2.10\pic\sources\c99\common\memset.c
		_memset        		CODE           	0E45	0000	204

C:\Program Files (x86)\Microchip\xc8\v2.10\pic\sources\c99\common\memset.c estimated size: 204

C:\Program Files (x86)\Microchip\xc8\v2.10\pic\sources\c99\common\Umul8.c
		___bmul        		CODE           	083A	0000	23

C:\Program Files (x86)\Microchip\xc8\v2.10\pic\sources\c99\common\Umul8.c estimated size: 23

../../../usb/src/usb.c
		_usb_halt_ep_in		CODE           	089D	0000	32
		_stall_ep_in   		CODE           	0944	0000	45
		_stall_ep_out  		CODE           	0880	0000	30
		_init_endpoints		CODE           	065F	0000	252
		_usb_in_endpoint_halted		CODE           	0805	0000	17
		_usb_service   		CODE           	0539	0000	295
		_usb_send_data_stage		CODE           	0867	0000	26
		_handle_standard_control_request		CODE           	0031	0000	799
		_usb_send_in_buffer_0		CODE           	099E	0000	50
		_reset_bd0_out 		CODE           	07F8	0000	9
		_usb_init      		CODE           	0BE4	0000	107
		_usb_halt_ep_out		CODE           	08BC	0000	32
		_handle_ep0_in 		CODE           	075A	0000	159
		_clear_ep0_stall		CODE           	17C5	0000	8
		_handle_ep0_setup		CODE           	0AB9	0000	96
		_pic16_linear_addr		CODE           	0A65	0000	85
		_handle_ep0_out		CODE           	0CE3	0000	153
		_start_control_return		CODE           	0C4E	0000	150
		_reset_ep0_data_stage		CODE           	17E9	0000	12
		_send_zero_length_packet_ep0		CODE           	17CC	0000	9
		_stall_ep0     		CODE           	17D4	0000	11

../../../usb/src/usb.c estimated size: 2377

shared
		_str00         		STRCODE        	1800	0000	5
		i1_init_endpoints		CODE           	0F10	0000	241
		_product_string		STRCODE        	1098	0000	37
		i1_usb_init    		CODE           	0B18	0000	100
		i1___wmul      		CODE           	08DB	0000	32
		_configuration_1		STRCODE        	106F	0000	42
		__initialization		CODE           	000D	0000	33
		_keyboard_report_descriptor		STRCODE        	1000	0000	64
		_vendor_string 		STRCODE        	103F	0000	49
		i1_pic16_linear_addr		CODE           	0A11	0000	85
		i1___bmul      		CODE           	0825	0000	22
		_interface_string		STRCODE        	0000	0000	0
		i1_memset      		CODE           	0D7B	0000	203
		_this_device_descriptor		STRCODE        	10D4	0000	19
		i1_reset_ep0_data_stage		CODE           	17DE	0000	12

shared estimated size: 944

C:\Program Files (x86)\Microchip\xc8\v2.10\pic\sources\c99\common\memcpy.c
		_memcpy        		CODE           	0970	0000	47

C:\Program Files (x86)\Microchip\xc8\v2.10\pic\sources\c99\common\memcpy.c estimated size: 47

../usb_descriptors.c
		_usb_application_get_string		CODE           	09CF	0000	67
		_usb_application_get_hid_descriptor		CODE           	0815	0000	17
		_usb_application_get_hid_report_descriptor		CODE           	17F4	0000	13

../usb_descriptors.c estimated size: 97

C:\Program Files (x86)\Microchip\xc8\v2.10\pic\sources\c99\common\Umul16.c
		___wmul        		CODE           	08FA	0000	33

C:\Program Files (x86)\Microchip\xc8\v2.10\pic\sources\c99\common\Umul16.c estimated size: 33

